{
  "APIBaseURL" => "http://localhost:3000"
  "BuildMachineOSBuild" => "24G720"
  "CFBundleDevelopmentRegion" => "zh_CN"
  "CFBundleDisplayName" => "盘迹"
  "CFBundleExecutable" => "PanJi"
  "CFBundleIcons" => {
    "CFBundlePrimaryIcon" => {
      "CFBundleIconFiles" => [
        0 => "AppIcon60x60"
      ]
      "CFBundleIconName" => "AppIcon"
    }
  }
  "CFBundleIcons~ipad" => {
    "CFBundlePrimaryIcon" => {
      "CFBundleIconFiles" => [
        0 => "AppIcon60x60"
        1 => "AppIcon76x76"
      ]
    }
  }
  "CFBundleIdentifier" => "com.panji.app"
  "CFBundleInfoDictionaryVersion" => "6.0"
  "CFBundleName" => "PanJi"
  "CFBundlePackageType" => "APPL"
  "CFBundleShortVersionString" => "0.1.0"
  "CFBundleSupportedPlatforms" => [
    0 => "iPhoneSimulator"
  ]
  "CFBundleVersion" => "1"
  "DTCompiler" => "com.apple.compilers.llvm.clang.1_0"
  "DTPlatformBuild" => "22F76"
  "DTPlatformName" => "iphonesimulator"
  "DTPlatformVersion" => "18.5"
  "DTSDKBuild" => "22F76"
  "DTSDKName" => "iphonesimulator18.5"
  "DTXcode" => "1640"
  "DTXcodeBuild" => "16F6"
  "LSRequiresIPhoneOS" => 1
  "MinimumOSVersion" => "17.0"
  "NSAccentColorName" => "AccentColor"
  "NSAppTransportSecurity" => {
    "NSAllowsLocalNetworking" => 1
  }
  "UIDeviceFamily" => [
    0 => 1
  ]
  "UILaunchScreen" => {
  }
  "UISupportedInterfaceOrientations" => [
    0 => "UIInterfaceOrientationPortrait"
  ]
}
