+ APP=build/DerivedData/Build/Products/Debug-iphonesimulator/PanJi.app
+ ls -d build/DerivedData/Build/Products/Debug-iphonesimulator/PanJi.app
build/DerivedData/Build/Products/Debug-iphonesimulator/PanJi.app
+ plutil -p build/DerivedData/Build/Products/Debug-iphonesimulator/PanJi.app/Info.plist
+ tee built-info.plist.out
{
  "APIBaseURL" => "http://localhost:3000"
  "BuildMachineOSBuild" => "24G830"
  "CFBundleDevelopmentRegion" => "zh_CN"
  "CFBundleDisplayName" => "盘迹"
  "CFBundleExecutable" => "PanJi"
  "CFBundleIcons" => {
    "CFBundlePrimaryIcon" => {
      "CFBundleIconFiles" => [
        0 => "AppIcon60x60"
      ]
      "CFBundleIconName" => "AppIcon"
    }
  }
  "CFBundleIcons~ipad" => {
    "CFBundlePrimaryIcon" => {
      "CFBundleIconFiles" => [
        0 => "AppIcon60x60"
        1 => "AppIcon76x76"
      ]
    }
  }
  "CFBundleIdentifier" => "com.panji.app"
  "CFBundleInfoDictionaryVersion" => "6.0"
  "CFBundleName" => "PanJi"
  "CFBundlePackageType" => "APPL"
  "CFBundleShortVersionString" => "0.1.0"
  "CFBundleSupportedPlatforms" => [
    0 => "iPhoneSimulator"
  ]
  "CFBundleVersion" => "1"
  "DTCompiler" => "com.apple.compilers.llvm.clang.1_0"
  "DTPlatformBuild" => "22F76"
  "DTPlatformName" => "iphonesimulator"
  "DTPlatformVersion" => "18.5"
  "DTSDKBuild" => "22F76"
  "DTSDKName" => "iphonesimulator18.5"
  "DTXcode" => "1640"
  "DTXcodeBuild" => "16F6"
  "LSRequiresIPhoneOS" => 1
  "MinimumOSVersion" => "17.0"
  "NSAccentColorName" => "AccentColor"
  "NSAppTransportSecurity" => {
    "NSAllowsLocalNetworking" => 1
  }
  "UIDeviceFamily" => [
    0 => 1
  ]
  "UILaunchScreen" => {
  }
  "UISupportedInterfaceOrientations" => [
    0 => "UIInterfaceOrientationPortrait"
  ]
}
+ grep APIBaseURL built-info.plist.out
  "APIBaseURL" => "http://localhost:3000"
++ xcrun simctl list devices available
++ grep -m1 -i iphone
++ grep -oE '\([0-9A-F-]{36}\)'
++ head -1
++ tr -d '()'
+ DEVICE=DF24883C-910C-42D6-A87A-531F98C777E2
+ echo DEVICE=DF24883C-910C-42D6-A87A-531F98C777E2
DEVICE=DF24883C-910C-42D6-A87A-531F98C777E2
+ '[' -z DF24883C-910C-42D6-A87A-531F98C777E2 ']'
+ xcrun simctl boot DF24883C-910C-42D6-A87A-531F98C777E2
+ xcrun simctl install DF24883C-910C-42D6-A87A-531F98C777E2 build/DerivedData/Build/Products/Debug-iphonesimulator/PanJi.app
+ xcrun simctl launch DF24883C-910C-42D6-A87A-531F98C777E2 com.panji.app
com.panji.app: 4790
+ sleep 5
+ xcrun simctl io DF24883C-910C-42D6-A87A-531F98C777E2 screenshot m0-003-simulator.png
Detected file type 'PNG' from extension
Wrote screenshot to: m0-003-simulator.png
+ echo STEP4_ALL_OK
STEP4_ALL_OK
